// Jest Snapshot v1, https://goo.gl/fbAQLP

exports[`Article shows the correct snapshot for the Article component tree 1`] = `
<article
  className="css-1d3ulb6 css-1jyyyen"
/>
`;
