// Jest Snapshot v1, https://goo.gl/fbAQLP

exports[`Header shows the correct snapshot for the Header component tree 1`] = `<header />`;
