// Jest Snapshot v1, https://goo.gl/fbAQLP

exports[`ImageIcon shows the correct snapshot for the ImageIcon component tree 1`] = `
<img
  alt="alt text"
  height={32}
  width={32}
/>
`;
