// Jest Snapshot v1, https://goo.gl/fbAQLP

exports[`Layout shows the correct snapshot for the Layout component tree 1`] = `
<div>
  <div
    className={
      Object {
        "data-css-uev7ww": "",
      }
    }
  >
    <nav
      className={
        Object {
          "data-css-75bqpx": "",
        }
      }
    >
      <div
        className={
          Object {
            "data-css-tal9j3": "",
          }
        }
      >
        <a
          className="css-10y0zv4"
          href="/"
          onClick={[Function]}
          title="Guiceworks"
        >
          <svg
            aria-hidden={true}
            height={75}
            viewBox="0 0 32 32"
            width={75}
          >
            <g
              fill="currentColor"
            >
              <path
                d="M29.6104,7.5859 C28.3044,5.4789 26.5234,3.6969 24.4154,2.3909 L19.0084,7.8239 C19.0174,7.8269 19.0264,7.8309 19.0354,7.8339 L11.8144,15.0549 L16.9694,20.2099 L24.1794,13.0009 C24.1804,13.0039 24.1824,13.0079 24.1834,13.0119 L29.6104,7.5859 Z"
              />
              <path
                d="M24.668,15.1348 C24.695,15.4198 24.71,15.7078 24.71,15.9998 C24.71,20.8108 20.811,24.7098 16,24.7098 C11.189,24.7098 7.29,20.8108 7.29,15.9998 C7.29,11.1898 11.189,7.2898 16,7.2898 L16,-0.0002 C7.164,-0.0002 0,7.1638 0,15.9998 C0,24.8368 7.164,31.9998 16,31.9998 C24.837,31.9998 32,24.8368 32,15.9998 C32,13.5988 31.471,11.3228 30.523,9.2798 L24.668,15.1348 Z"
              />
            </g>
          </svg>
        </a>
        <a
          className="css-gavebd "
          href="/services/product-design"
          onClick={[Function]}
          title="Product Design"
        >
          <svg
            aria-hidden={true}
            height={32}
            viewBox="0 0 56 40"
            width={32}
          >
            <g
              fill="none"
              fillRule="evenodd"
              id="Page-1"
              stroke="none"
              strokeWidth="1"
            >
              <path
                d="M41.916,36.41 L49.823,36.41 L49.823,28.503 L41.916,28.503 L41.916,36.41 Z M23.711,11.499 L31.618,11.499 L31.618,3.591 L23.711,3.591 L23.711,11.499 Z M5.506,36.41 L13.414,36.41 L13.414,28.503 L5.506,28.503 L5.506,36.41 Z M51.618,3.833 C50.378,3.833 49.225,4.45 48.533,5.483 L48.356,5.75 L35.209,5.75 L35.209,0 L20.121,0 L20.121,5.75 L6.974,5.75 L6.796,5.482 C6.105,4.45 4.952,3.833 3.712,3.833 C1.665,3.833 0,5.498 0,7.545 C0,9.591 1.665,11.256 3.712,11.256 C4.948,11.256 6.101,10.635 6.797,9.597 L6.975,9.33 L14.855,9.33 L13.628,10.386 C9.852,13.633 7.796,18.452 7.682,24.324 L7.672,24.912 L1.916,24.912 L1.916,40 L17.005,40 L17.005,24.912 L11.257,24.912 L11.271,24.298 C11.421,17.909 14.188,13.315 19.273,11.014 L20.121,10.631 L20.121,15.088 L35.209,15.088 L35.209,10.631 L36.057,11.014 C41.141,13.315 43.909,17.909 44.059,24.298 L44.072,24.912 L38.325,24.912 L38.325,40 L53.413,40 L53.413,24.912 L47.659,24.912 L47.646,24.324 C47.533,18.455 45.486,13.638 41.724,10.394 L40.501,9.34 L48.354,9.34 L48.533,9.606 C49.225,10.639 50.378,11.256 51.618,11.256 C53.665,11.256 55.33,9.591 55.33,7.545 C55.33,5.498 53.665,3.833 51.618,3.833 Z"
                fill="currentColor"
                id="Fill-1"
              />
            </g>
          </svg>
        </a>
        <a
          className="css-gavebd "
          href="/services/experience-design"
          onClick={[Function]}
          title="Experience Design"
        >
          <svg
            aria-hidden={true}
            height={32}
            viewBox="0 0 32 32"
            width={32}
          >
            <g
              fill="currentColor"
            >
              <path
                d="M25.6504,29.458 C23.5294,29.458 21.8024,27.704 21.8024,25.548 C21.8024,23.393 23.5294,21.639 25.6504,21.639 C27.7724,21.639 29.4984,23.393 29.4984,25.548 C29.4984,27.704 27.7724,29.458 25.6504,29.458 M6.3494,29.458 C4.2284,29.458 2.5014,27.704 2.5014,25.548 C2.5014,23.393 4.2284,21.639 6.3494,21.639 C8.4704,21.639 10.1964,23.393 10.1964,25.548 C10.1964,27.704 8.4704,29.458 6.3494,29.458 M12.1524,6.451 C12.1524,4.295 13.8794,2.542 16.0004,2.542 C18.1224,2.542 19.8474,4.295 19.8474,6.451 C19.8474,8.607 18.1224,10.361 16.0004,10.361 C13.8794,10.361 12.1524,8.607 12.1524,6.451 M25.6504,19.097 C24.2654,19.097 22.9864,19.556 21.9414,20.323 L17.2694,16.657 L17.2694,12.773 C20.1644,12.174 22.3494,9.567 22.3494,6.451 C22.3494,2.894 19.5014,0 16.0004,0 C12.4994,0 9.6504,2.894 9.6504,6.451 C9.6504,9.566 11.8364,12.173 14.7304,12.773 L14.7304,16.656 L10.0594,20.323 C9.0134,19.556 7.7344,19.097 6.3494,19.097 C2.8484,19.097 0.0004,21.991 0.0004,25.548 C0.0004,29.105 2.8484,32 6.3494,32 C9.8504,32 12.6984,29.105 12.6984,25.548 C12.6984,24.334 12.3604,23.201 11.7844,22.229 L15.9994,18.921 L20.2154,22.23 C19.6394,23.201 19.3014,24.334 19.3014,25.548 C19.3014,29.105 22.1494,32 25.6504,32 C29.1514,32 32.0004,29.105 32.0004,25.548 C32.0004,21.991 29.1514,19.097 25.6504,19.097"
              />
            </g>
          </svg>
        </a>
        <a
          className="css-gavebd "
          href="/services/interface-design"
          onClick={[Function]}
          title="Interface Design"
        >
          <svg
            aria-hidden={true}
            height={32}
            viewBox="0 0 32 32"
            width={32}
          >
            <g
              fill="currentColor"
            >
              <path
                d="M4.73714445,20.087 C4.73714445,20.374 4.81286774,20.661 4.95724681,20.916 C5.52870522,21.926 9.58242523,27.318 15.0809456,28.822 C18.5510915,29.772 21.8405111,29.245 24.3656303,27.342 C26.8362288,25.48 28.2517495,22.573 28.2517495,19.275 L28.2527591,19.106 C28.2527591,18.024 28.1235247,16.489 27.7600529,15.719 C27.3683111,14.895 26.8907496,14.748 26.1012081,14.505 C25.6377816,14.362 25.1127668,14.202 24.6200606,13.871 C24.2525502,13.624 23.9355221,13.369 23.6285903,13.124 C23.0611705,12.67 22.6128886,12.312 22.0535459,12.149 C21.5214636,11.993 21.1862619,12.034 20.723845,12.091 C20.0645476,12.172 19.1750514,12.283 18.0220381,11.664 L17.3082199,11.278 L17.3082199,4.067 C17.3082199,3.32 16.6953661,2.712 15.9401525,2.712 C15.1849389,2.712 14.5700658,3.32 14.5700658,4.067 L14.5700658,16.255 C14.5700658,18.672 13.129304,20.48 11.0666017,20.649 C9.42290151,20.785 8.15781778,20.121 7.14211607,19.588 C6.5484455,19.276 5.98607388,18.982 5.60543815,19.003 C4.77954949,19.051 4.73714445,19.914 4.73714445,20.087 M30.9919228,18.984 L30.9888939,18.984 L31,19.305 L31,19.306 C31,23.429 29.18567,27.12 26.030533,29.499 C22.8087595,31.928 18.6682101,32.616 14.354002,31.437 C7.97608189,29.692 3.3680674,23.654 2.56943913,22.24 C2.19688055,21.581 2,20.837 2,20.087 C2,18.004 3.44984855,16.409 5.44793371,16.296 C6.59286983,16.231 7.56515684,16.741 8.42436375,17.192 C9.26539707,17.635 9.99536956,18.017 10.8394318,17.947 C11.5714236,17.887 11.8319117,16.998 11.8319117,16.255 L11.8319117,4.068 C11.8319117,1.824 13.6755214,0 15.9401525,0 C18.2047836,0 20.046374,1.824 20.046374,4.067 L20.046374,9.438 C20.046374,9.43 20.2472931,9.417 20.386624,9.4 C20.9631306,9.329 21.7516624,9.232 22.8309717,9.547 C23.9112906,9.864 24.675591,10.475 25.3500331,11.014 C25.6246562,11.234 25.8851443,11.443 26.1587578,11.627 C26.3122237,11.731 26.6040107,11.82 26.9129617,11.915 C27.8771716,12.211 29.3340877,12.598 30.2387285,14.507 C30.9192285,15.942 30.9919228,18.441 30.9919228,18.984"
              />
            </g>
          </svg>
        </a>
        <a
          className="css-gavebd "
          href="/services/brand-design"
          onClick={[Function]}
          title="Brand Design"
        >
          <svg
            aria-hidden={true}
            height={32}
            viewBox="0 0 32 32"
            width={32}
          >
            <g
              fill="currentColor"
            >
              <polygon
                points="17.4937 22.0688 17.4937 13.8128 20.5757 10.7058 18.6407 8.7558 16.1247 11.2908 13.6097 8.7558 11.6757 10.7058 14.7567 13.8128 14.7567 22.0688"
              />
              <mask
                fill="white"
              >
                <polygon
                  points="6.00010962 0 26.2496995 0 26.2496995 22.0689 6.00010962 22.0689"
                />
              </mask>
              <path
                d="M23.9922,3.0249 C22.7462,1.6449 20.3702,-0.0001 16.1282,-0.0001 C11.8852,-0.0001 9.5072,1.6459 8.2612,3.0249 C6.6342,4.8279 5.8022,7.4319 6.0402,9.9909 C6.3292,13.1069 7.3662,14.6729 8.5962,16.2619 L8.7952,16.5289 C9.3872,17.2729 9.8312,17.8599 9.8312,19.0939 L9.8312,22.0689 L12.5682,22.0689 L12.5682,19.0939 C12.5682,16.8909 11.6302,15.6849 10.9302,14.8039 L10.7602,14.5619 C9.7332,13.2359 8.9892,12.1139 8.7682,9.7339 C8.7052,9.0599 8.6302,6.7179 10.2862,4.8819 C11.5582,3.4729 13.5252,2.7589 16.1292,2.7589 C18.7332,2.7589 20.6982,3.4729 21.9702,4.8819 C23.6262,6.7169 23.5502,9.0589 23.4872,9.7349 C23.2662,12.1139 22.5232,13.2359 21.4962,14.5619 L21.3352,14.7669 C20.6372,15.6519 19.6822,16.8649 19.6822,19.0939 L19.6822,22.0689 L22.4192,22.0689 L22.4192,19.0939 C22.4192,17.8279 22.8852,17.2349 23.4772,16.4839 L23.6502,16.2609 C24.8802,14.6729 25.9212,13.1059 26.2092,9.9919 C26.4482,7.4319 25.6192,4.8279 23.9922,3.0249"
              />
              <mask
                fill="white"
              >
                <polygon
                  points="6 32 26.25 32 26.25 0 6 0"
                />
              </mask>
              <polygon
                points="9.831 27.035 22.419 27.035 22.419 24.276 9.831 24.276"
              />
              <polygon
                points="12.568 32 19.683 32 19.683 29.241 12.568 29.241"
              />
            </g>
          </svg>
        </a>
        <a
          className="css-gavebd "
          href="/services/graphic-design"
          onClick={[Function]}
          title="Graphic Design"
        >
          <svg
            aria-hidden={true}
            height={32}
            viewBox="0 0 32 32"
            width={32}
          >
            <g
              fill="currentColor"
            >
              <path
                d="M22.7,9.3V4.8H20v5l2.9,7.1l-5.6,11.2v-8.7c0.9-0.5,1.6-1.5,1.6-2.6c0-1.6-1.3-2.9-2.9-2.9 c-1.6,0-2.9,1.3-2.9,2.9c0,1.1,0.7,2.1,1.6,2.6v8.7L9.1,16.9L12,9.8v-5H9.3v4.5L6.1,17l7.5,15h4.7l7.5-15L22.7,9.3z"
              />
              <rect
                height="2.7"
                width="17.6"
                x="7.2"
              />
            </g>
          </svg>
        </a>
        <a
          className="css-gavebd "
          href="/services/front-end-engineering"
          onClick={[Function]}
          title="Front-end Engineering"
        >
          <svg
            aria-hidden={true}
            height={30}
            viewBox="0 0 44 30"
            width={44}
          >
            <g
              fill="currentColor"
            >
              <polygon
                points="28.9395 0.0003 26.5775 2.3623 39.2085 14.9913 26.5775 27.6213 28.9395 29.9833 43.9315 14.9913"
              />
              <polygon
                points="0 15.0087 14.991 29.9997 17.353 27.6387 4.723 15.0087 17.353 2.3777 14.991 0.0167"
              />
            </g>
          </svg>
        </a>
      </div>
    </nav>
    <main
      role="main"
    >
      <div>
        Layout child
      </div>
    </main>
    <footer
      className={
        Object {
          "data-css-p8642l": "",
        }
      }
    >
      <div
        className={
          Object {
            "data-css-q392fl": "",
          }
        }
      >
        <div
          className={
            Object {
              "data-css-24spax": "",
            }
          }
        >
          <h2
            className="css-lcomo css-5eu6oy"
          >
            Contact.
          </h2>
          <div
            className={
              Object {
                "data-css-1cicj1j": "",
              }
            }
          >
            <p
              className="css-isubv6 css-1eyhu5m"
            >
              For more information or work samples email us at 
              <strong>
                <a
                  className={
                    Object {
                      "data-css-1wegod6": "",
                    }
                  }
                  href="mailto:info@guiceworks.com"
                >
                  info@guiceworks.com
                </a>
              </strong>
            </p>
          </div>
        </div>
      </div>
      <div
        className={
          Object {
            "data-css-1hxbxk7": "",
          }
        }
        role="contentinfo"
      >
        <div
          className={
            Object {
              "data-css-24spax": "",
            }
          }
        >
          <p
            className="css-isubv6 css-1jmoywn"
          >
            <span>
              ©
            </span>
            <span>
               Copyright 2018 Guiceworks INC All rights reserved.
            </span>
          </p>
        </div>
      </div>
    </footer>
  </div>
</div>
`;
