// Jest Snapshot v1, https://goo.gl/fbAQLP

exports[`Progress shows the correct snapshot 1`] = `null`;
