// Jest Snapshot v1, https://goo.gl/fbAQLP

exports[`SansThin shows the correct snapshot for the SansThin component tree 1`] = `
<p
  className="css-isubv6 SansThinClassName"
>
  SansThin
</p>
`;
