// Jest Snapshot v1, https://goo.gl/fbAQLP

exports[`SerifBold shows the correct snapshot for the SerifBold component tree 1`] = `
<p
  className="css-lcomo SerifBoldClassName"
>
  SerifBold
</p>
`;
